// Jest Snapshot v1, https://goo.gl/fbAQLP

exports[`Header компонент рендерится корректно 1`] = `
<header
  className="header"
>
  <div
    className="container"
  >
    <div
      className="header__wrapper"
    >
      <div
        className="header__left"
      >
        <ForwardRef
          className="header__logo-link header__logo-link--active"
          to="/"
        >
          <img
            alt="6 cities logo"
            className="header__logo"
            height="41"
            src="/img/logo.svg"
            width="81"
          />
        </ForwardRef>
      </div>
      <nav
        className="header__nav"
      >
        <ul
          className="header__nav-list"
        >
          <li
            className="header__nav-item user"
          >
            <ForwardRef
              className="header__nav-link header__nav-link--profile"
              to="/login"
            >
              <div
                className="header__avatar-wrapper user__avatar-wrapper"
              >
                <React.Fragment />
              </div>
              <span
                className="header__user-name user__name"
              >
                Sign in
              </span>
            </ForwardRef>
          </li>
        </ul>
      </nav>
    </div>
  </div>
</header>
`;
